     1                                  ; Label!
     2                                  
     3                                  [map all ./lst/label.map]
     4                                  [DEFAULT REL]
     5                                  
     6                                  ;
     7                                  ;Creates, changes and deletes volume labels! 
     8                                  ;Invoked by: 
     9                                  ; LABEL [volume:][label] <- Jumps to the prompt to change the label
    10                                  ; LABEL [volume:]        <- Prints current label for vol, go to line above.
    11                                  ; LABEL                  <- Assumes current drive. Goes to line above.
    12                                  
    13                                  BITS 64
    14                                  %include "./inc/dosMacro.mac"
     1                              <1> 
     2                              <1> ;-------------------------------------------------------------------------------
     3                              <1> ;Generic Macros file
     4                              <1> ;The following instruction extensions allow to conditionally return
     5                              <1> ;The idea was borrowed from the DOS Source Code
     6                              <1> ;
     7                              <1> ;-------------------------------------------------------------------------------
     8                              <1> 
     9                              <1> ;-------------------------------------------------------------------------------
    10                              <1> ;These macros are live and must not be touched
    11                              <1> ;-------------------------------------------------------------------------------
    12                              <1> %macro return 0
    13                              <1> %%_ret:
    14                              <1>     ret
    15                              <1> %assign retOff %%_ret-$$  ;Get offset into segment of %%_ret
    16                              <1> %endmacro
    17                              <1> 
    18                              <1> %macro cret 1
    19                              <1> %%_base:
    20                              <1> %assign baseVar %%_base-$$ ;Get offset into segment of %%_base
    21                              <1>     %ifdef retOff
    22                              <1>     %if (baseVar - retOff <= 126) && (baseVar > retOff)
    23                              <1>     %ifdef currSegVBase
    24                              <1>     j%+1 short (retOff+currSegVBase)
    25                              <1>     %else
    26                              <1>     j%+1 short retOff
    27                              <1>     %endif  ;End ifdef currSegVBase
    28                              <1>     %else 
    29                              <1>     j%-1 short %%a
    30                              <1>     return
    31                              <1> %%a:
    32                              <1>     %endif  ;End the distance measurement if
    33                              <1>     %else   
    34                              <1>     j%-1 short %%a
    35                              <1>     return
    36                              <1> %%a:
    37                              <1>     %endif  ;End ifdef retoff
    38                              <1> %endmacro
    39                              <1> 
    40                              <1> %macro retz 0
    41                              <1> cret z
    42                              <1> %endmacro
    43                              <1> 
    44                              <1> %macro retnz 0
    45                              <1> cret nz
    46                              <1> %endmacro
    47                              <1> 
    48                              <1> %macro rete 0
    49                              <1> cret e
    50                              <1> %endmacro
    51                              <1> 
    52                              <1> %macro retne 0
    53                              <1> cret ne
    54                              <1> %endmacro
    55                              <1> 
    56                              <1> %macro retc 0
    57                              <1> cret c
    58                              <1> %endmacro
    59                              <1> 
    60                              <1> %macro retnc 0
    61                              <1> cret nc
    62                              <1> %endmacro
    63                              <1> 
    64                              <1> %macro retb 0
    65                              <1> cret b
    66                              <1> %endmacro
    67                              <1> 
    68                              <1> %macro retnb 0
    69                              <1> cret nb
    70                              <1> %endmacro
    71                              <1> 
    72                              <1> %macro reta 0
    73                              <1> cret a
    74                              <1> %endmacro
    75                              <1> 
    76                              <1> %macro retna 0
    77                              <1> cret na
    78                              <1> %endmacro
    79                              <1> 
    80                              <1> %macro breakpoint 0
    81                              <1> xchg bx, bx
    82                              <1> %endmacro
    15                                  %include "./inc/dosStruc.inc"
     1                              <1> 
     2                              <1> ;-------------------------------------------------------;
     3                              <1> ; This include file contains miscellaneous internal     ;
     4                              <1> ; SCP/DOS structures.                                   ;
     5                              <1> ;-------------------------------------------------------;
     6                              <1> 
     7                              <1> ;------------------------------------------------------------------------;
     8                              <1> ; Each mass storage device up to LASTDRIVE gets a DPB, describing 
     9                              <1> ; its file system structure. This is used to locate files and structures
    10                              <1> ; on the device itself and to translate file requests to cluster chains
    11                              <1> ; to LBAs to pass to the disk driver..
    12                              <1> ; The DPBs form a linked list, with each DPB formed after the devices 
    13                              <1> ; drivers Initialise routine has been called.
    14                              <1> ;------------------------------------------------------------------------;
    15                              <1> struc dpb        ;Drive Parameter Block
    16                              <1> 
    17 00000000 ??                  <1>     .bDriveNumber            db ?  ;Drive number (0=A, 1=B ...)
    18 00000001 ??                  <1>     .bUnitNumber             db ?  ;Unit number in device
    19 00000002 ????                <1>     .wBytesPerSector         dw ?  ;min 512, max 4096
    20 00000004 ??                  <1>     .bMaxSectorInCluster     db ?  ;(Maximum sector in cluster) - 1
    21 00000005 ??                  <1>     .bSectorsPerClusterShift db ?  ;Sectors per cluster exponent
    22 00000006 ????                <1>     .wFAToffset              dw ?  ;Number of reserved sectors in partition
    23 00000008 ??                  <1>     .bNumberOfFATs           db ?  ;Number of FATs
    24 00000009 ????                <1>     .wNumberRootDirEntries   dw ?  ;In 32 byte units, this is 0 for FAT32
    25 0000000B ????????            <1>     .dClusterHeapOffset      dd ?  ;Start sector of data area
    26 0000000F ????????            <1>     .dClusterCount           dd ?  ;Total number of clusters in data area
    27 00000013 ????????            <1>     .dFATlength              dd ?  ;FAT length, in sectors
    28 00000017 ????????            <1>     .dFirstUnitOfRootDir     dd ?  
    29                              <1>     ;Unit=Sector/Cluster of Root Directory (FAT12/16 = Sector, FAT32 = Cluster)
    30 0000001B ????????????????    <1>     .qDriverHeaderPtr        dq ?  ;Pointer to device driver header
    31 00000023 ??                  <1>     .bMediaDescriptor        db ?  ;Media descriptor
    32 00000024 ??                  <1>     .bAccessFlag             db ?  ;Access Flag (0 if accessed, else -1)
    33 00000025 ????????????????    <1>     .qNextDPBPtr             dq ?  ;Pointer to next DPB, -1 if at end
    34 0000002D ????????            <1>     .dFirstFreeCluster       dd ?  ;Starting cluster of free space search
    35 00000031 ????????            <1>     .dNumberOfFreeClusters   dd ?  ;Number of free clusters, -1 unknown
    36                              <1> 
    37                              <1> endstruc
    38                              <1> 
    39                              <1> fat12MaxClustCnt    equ 4085    ;Cluster count less than this is FAT12
    40                              <1> fat16MaxClustCnt    equ 65525   ;Cluster count less than this is FAT16
    41                              <1> ;------------------------------------------------------------------------;
    42                              <1> ; Each mass storage device up to LASTDRIVE has a CDS associated with it.
    43                              <1> ; All disk pathing requests go via the CDS for that drive.
    44                              <1> ; The default drive is the last accessed drive, this number is stored
    45                              <1> ; in the DOS data area.
    46                              <1> ; The CDS is stored as an array with the offset into the array being 
    47                              <1> ; given by the drive letter's offset into the alphabet (with A=0).
    48                              <1> ;
    49                              <1> ; DEFAULT LASTDRIVE=E, MINIMUM LASTDRIVE=B
    50                              <1> ;------------------------------------------------------------------------;
    51                              <1> struc cds       ;Current Directory structure
    52 00000000 <res 43h>           <1>     .sCurrentPath        db 67 dup (?)    ;Current Directory Path String
    53 00000043 ????                <1>     .wFlags              dw ?   ;CDS Flags - 
    54 00000045 ????????????????    <1>     .qDPBPtr             dq ?   ;Ptr to the DPB of the dev using this CDS
    55 0000004D ????????            <1>     .dStartCluster       dd ?   ;Starting cluster of the directory on disk
    56 00000051 ????????????????    <1>     .qIFSPtr             dq ?   ;Reserved for IFS driver expansions
    57 00000059 ????????            <1>     .dNetStore           dd ?   ;For storing a owner dword for IFS (21h/5F03h)
    58 0000005D ????                <1>     .wBackslashOffset    dw ?   ;How many chars to skip for getting the path
    59                              <1> ; currentPath (usually 2 to skip C: in C:\, but when SUBSTing a drive letter to 
    60                              <1> ; another, we save the number of chars to skip to that deep level).
    61                              <1> ; I.E. if we SUBST A:\DOS G: then this value for the CDS for drive G is 6
    62                              <1> ; Only affects for SUBST drives, not JOIN
    63                              <1> ; Flags: Bit 15 set = Network drive
    64                              <1> ;        Bit 14 set = Physical drive
    65                              <1> ;        Bit 13 set = JOIN'ed drive
    66                              <1> ;        Bit 12 set = SUBST'ed drive
    67                              <1> ;        Bit 7  set = Redirected, not net. drive (This is how MSCDEX worked)
    68                              <1> endstruc
    69                              <1> ;CDS equates
    70                              <1> cdsRedirDrive   equ 8000h   ;All drives which use the Redirector interface
    71                              <1> cdsValidDrive   equ 4000h   ;CDS valid
    72                              <1> cdsJoinDrive    equ 2000h   ;CDS for joined drives
    73                              <1> cdsSubstDrive   equ 1000h   ;Drives formed by Subst
    74                              <1> cdsRdirLocDrive equ 0080h   ;Redirector but Local
    75                              <1> ;------------------------------------------------------------------------;
    76                              <1> ; The SFT is a way to allow applications to open file handles to files 
    77                              <1> ; and devices. As things stand, the SFT chain will have 5 file handles
    78                              <1> ; under the first header, and then a second header will be linked to the 
    79                              <1> ; first one after CONFIG.SYS has been read, to allow for FILES= to specify
    80                              <1> ; a size for the second SFT (default 10 files). Same for System FCBs, 
    81                              <1> ; using the FCBS= command. Default FCBS=5.
    82                              <1> ;
    83                              <1> ; A file handle describes the file, and the location within the file that
    84                              <1> ; we are reading. The file handle can be manipulated without the file
    85                              <1> ; being in memory, thus allowing the user to access data without needing 
    86                              <1> ; to take up large portions of memory. Similarly, file handles allow for
    87                              <1> ; accessing devices, by treating them as files with their drivers 
    88                              <1> ; responding and translating the manipulations of the file handle itself.
    89                              <1> ; Neither the driver nor the application should see or use the SFT for
    90                              <1> ; the handle, as it is subject to change (and will change when file 
    91                              <1> ; sharing provisions are included). The DOS will make requests to the 
    92                              <1> ; driver in a generic way and the driver will respond, with DOS keeping
    93                              <1> ; track of the information in the SFT entry for that handle. 
    94                              <1> ;
    95                              <1> ; One SFT entry can have multiple handles and multiple SFT entries
    96                              <1> ; can point to the same file. It all depends on what the applications 
    97                              <1> ; want to do with the File.
    98                              <1> ;
    99                              <1> ; !!!!IMPORTANT!!!!
   100                              <1> ; Currently there are plans for File Sharing, but I include minimal 
   101                              <1> ; provisions for it. I really just wanna get a DOS out the door.
   102                              <1> ;
   103                              <1> ;Each SFT may look like this:
   104                              <1> ;sysvars-->sfth------------>sfth------------>|ENDOFLIST|
   105                              <1> ;            |                |
   106                              <1> ;       wNumFiles*sft    wNumFiles*sft
   107                              <1> ;
   108                              <1> ; Two SFT chains are built; one for files, and a one for so called 
   109                              <1> ; System FCBs.
   110                              <1> ;
   111                              <1> ; Each SFT header has an array of SFT's below it, with the number of 
   112                              <1> ; SFTs given by wNumFiles. The SFT headers form a linked list.
   113                              <1> ;
   114                              <1> ; DEFAULT FILES=8, MINIMUM FILES=5
   115                              <1> ; DEFAULT FCBS=5,  MINIMUM FCBS=5
   116                              <1> ;------------------------------------------------------------------------;
   117                              <1> struc sfth   ;System file table header
   118                              <1> ; This is the SFT header.
   119                              <1> ; This structure comes before the start of the first file in the array/table.
   120 00000000 ????????????????    <1>     .qNextSFTPtr dq ?    ;Pointer to the next SFT
   121 00000008 ????                <1>     .wNumFiles   dw ?    ;Number of files in this table
   122                              <1> endstruc
   123                              <1> 
   124                              <1> struc sft
   125                              <1> ;This is the file struc itself
   126 00000000 ????                <1>     .wNumHandles dw ?    ;Number of handles pointing to this file
   127 00000002 ????                <1>     .wOpenMode   dw ?    ;File access permissions and behvaiours
   128 00000004 ??                  <1>     .bFileAttrib db ?    ;Regular File Attributes
   129 00000005 ????                <1>     .wDeviceInfo dw ?    ;Includes unit number if a block device
   130 00000007 ????????????????    <1>     .qPtr        dq ?    ;IF char, ptr to device driver header, ELSE DPBptr
   131 0000000F ????????            <1>     .dStartClust dd ?    ;Start cluster of file pointed to by SFT entry
   132 00000013 ????                <1>     .wTime       dw ?    ;File Time, updated on open and writes
   133 00000015 ????                <1>     .wDate       dw ?    ;File Date, updated on open and writes
   134 00000017 ????????            <1>     .dFileSize   dd ?    ;File Size, in bytes
   135 0000001B ????????            <1>     .dCurntOff   dd ?    ;Current Offset pointed to by SFT entry, in bytes
   136 0000001F ????????            <1>     .dRelClust   dd ?    ;Rel cluster pointed to by SFT entry
   137 00000023 ????????            <1>     .dAbsClusr   dd ?    ;Absolute cluster pointed to by SFT entry
   138 00000027 ????????????????    <1>     .qDirSect    dq ?    ;Abs number of sector containing directory entry 
   139 0000002F ??                  <1>     .bNumDirEnt  db ?    ;Directory entry within dir sector (byte offset/32)
   140 00000030 <res Bh>            <1>     .sFileName   db 11 dup (?)   ;8.3 Filename
   141 0000003B ????????????????    <1>     .qSharePtr   dq ?    ;SHARE pointer to previous SFT sharing same file
   142 00000043 ????                <1>     .wMachNum    dw ?    ;SHARE number of network machine opening file
   143 00000045 ????????????????    <1>     .qPSPOwner   dq ?    ;Addr of PSP of program which first opened this file
   144 0000004D ????                <1>     .wShareRec   dw ?    ;offset within SHARE code segment of sharing record
   145                              <1> ;                           0 means no record
   146                              <1> endstruc
   147                              <1> ;Open Mode equates
   148                              <1> ;Access modes   Bits[2:0]
   149                              <1> ReadAccess      equ 0h
   150                              <1> WriteAccess     equ 1h
   151                              <1> RWAccess        equ 2h
   152                              <1> ;Bit 3 reserved 0
   153                              <1> ;Sharing modes  Bits[6:4]
   154                              <1> CompatShare     equ 0h
   155                              <1> denyRWShare     equ 10h
   156                              <1> denyWriteShare  equ 20h
   157                              <1> denyReadShare   equ 30h
   158                              <1> denyNoneShare   equ 40h
   159                              <1> ;NetFCB is for files open by a local server, handling IO from a remote
   160                              <1> ; client by proxy opened by an FCB! Sets the Net bit to indicate this. 
   161                              <1> ;Thus, this is a handle with no JFT entry! Server handles its own JFT!
   162                              <1> netFCBShare     equ 70h     
   163                              <1> noInherit       equ 80h
   164                              <1> ;Bits 8-12 reserved 0
   165                              <1> ;Fancy open mode bits
   166                              <1> diskFullFail    equ 2000h   ;Reserved: If set, trigger Int 24h on disk full.
   167                              <1> noBufferWrites  equ 4000h   ;Reserved: If set, flush after each buffer write.
   168                              <1> ;Once share is loaded, if a local FCB open occurs, mark the sft as so.
   169                              <1> FCBopenedFile   equ 8000h   ;If set, file is opened by FCB, else handle based.
   170                              <1> 
   171                              <1> ;Attribute Byte
   172                              <1> readOnlyFile    equ 1h
   173                              <1> hiddenFile      equ 2h
   174                              <1> systemFile      equ 4h
   175                              <1> volLabelFile    equ 8h
   176                              <1> directoryFile   equ 10h ;Directory entry
   177                              <1> archiveFile     equ 20h
   178                              <1> charFile        equ 40h ;Reserved, never found in dir
   179                              <1> ;Device Info equates
   180                              <1> ;For a block device, bits [5:0] contain the drive number
   181                              <1> charDevConIn    equ 1h  ;If set, device is CON input
   182                              <1> charDevConOut   equ 2h  ;If set, device is CON output
   183                              <1> charDevNulDev   equ 4h  ;If set, device is NULL device
   184                              <1> charDevClockDev equ 8h  ;If set, device is CLOCK device
   185                              <1> charDevFastOut  equ 10h ;If set, device supports INT 29h
   186                              <1> charDevBinary   equ 20h ;If set, r/w char device in Binary mode!!!
   187                              <1> charDevNoEOF    equ 40h ;If set, no EOF when reading from device!!
   188                              <1> blokFileNoFlush equ 40h ;Set if file is synchronised with hard store!
   189                              <1> devCharDev      equ 80h ;If set, it is a char device!
   190                              <1> charDevNetSpool equ 800h    ;If set, device is a network spooler
   191                              <1> devNoInherit    equ 1000h   ;If set, handle not inherited by child processes
   192                              <1> charDevNamePipe equ 2000h   ;If set, device is a named pipe
   193                              <1> blokNoDTonClose equ 4000h   ;If set, dont update date and time when closing
   194                              <1> devRedirDev     equ 8000h   ;If set, dev/file is redirected!
   195                              <1>  
   196                              <1> ;------------------------------------------------------------------------;
   197                              <1> ; Buffers allow for buffered drive IO, by first transferring a sector 
   198                              <1> ; to an internal buffer, and then copying it to the specified location
   199                              <1> ; in memory. The buffer is kept in the buffer chain,  in the event that 
   200                              <1> ; another request for the same sector from the same device is made, so 
   201                              <1> ; that is can be read from the device directly. Buffers are uniform in 
   202                              <1> ; size, selected according to the largest detected sector size during 
   203                              <1> ; the initial loadup.
   204                              <1> ;
   205                              <1> ; The buffer pointer in SysVars points to most recently used Buffer
   206                              <1> ;
   207                              <1> ; DEFAULT BUFFERS=30, MINIMUM BUFFERS=2
   208                              <1> ;------------------------------------------------------------------------;
   209                              <1> 
   210                              <1> struc bufferHdr
   211 00000000 ????????????????    <1>     .nextBufPtr  dq  ?   ;Pointer to the next buffer in the chain or -1 at end
   212                              <1>     .wDrvNumFlg:         ;Read as a word to get the following two bytes!
   213 00000008 ??                  <1>     .driveNumber db  ?   ;Drive number the buffer is used for (or -1 for free)
   214 00000009 ??                  <1>     .bufferFlags db  ?   ;Standard Flags
   215 0000000A ????????????????    <1>     .bufferLBA   dq  ?   ;LBA the buffer contains
   216 00000012 ??                  <1>     .bufFATcopy  db  ?   ;Number of copies of the FAT to write (1 if non-FAT)
   217 00000013 ????????            <1>     .bufFATsize  dd  ?   ;Number of sectors per FAT (or 0 if non-FAT)
   218 00000017 ????????????????    <1>     .driveDPBPtr dq  ?   ;Pointer to the device DPB block
   219 0000001F ??                  <1>     .reserved    db  ?   ;Alignment byte
   220                              <1>     .dataarea:             ;Points to the start of the data area
   221                              <1> endstruc
   222                              <1> ;Buffer Flag equates
   223                              <1> dosBuffer   equ 1h  ;Sector 0 (BPB/VPB) in buffer
   224                              <1> fatBuffer   equ 2h  ;FAT sector in buffer
   225                              <1> dirBuffer   equ 4h  ;Directory sector in buffer
   226                              <1> dataBuffer  equ 8h  ;File Data sector in buffer
   227                              <1> refBuffer   equ 20h ;Data in buffer has been referenced by an application
   228                              <1> dirtyBuffer equ 40h ;Data in buffer modified by an application
   229                              <1> freeBuffer  equ 00FFh   ;A word which goes into the drive number to clear both fields
   230                              <1> ;Note! A buffer is marked as referenced when the buffer is "obtained" by a syscall
   231                              <1> ;------------------------------------------------------------------------;
   232                              <1> ; Memory control block for each memory arena
   233                              <1> ;------------------------------------------------------------------------;
   234                              <1> struc mcb
   235 00000000 ??                  <1>     .marker     db ?  ;M = Member of the MCB chain. Z = Last member
   236 00000001 ????????????????    <1>     .owner      dq ?  ;Owning application PSP (para aligned) or 0 for free
   237 00000009 ????????            <1>     .blockSize  dd ?  ;Number of contiguous paragraphs owned by this block
   238                              <1>     ;The following byte is reserved outside of sysinit
   239 0000000D ??                  <1>     .subSysMark db ?  ;Marks the optional DOS subsystem of the MCB
   240 0000000E ????                <1>     .reserved   db 2 dup (?) 
   241                              <1>     .program:
   242                              <1> endstruc
   243                              <1> ;MCB equates
   244                              <1> mcbOwnerHole    equ 7   ;Owner = 7 => Memory hole, always fail free/realloc
   245                              <1> mcbOwnerFree    equ 0   ;Owner = 0 => Free and available space
   246                              <1> mcbOwnerDOS     equ 8   ;Owner = 8 => Owned by DOS
   247                              <1> mcbOwnerNewDOS  equ 9   ;Owner = 9 => New Kernel driver alloc. Needs setting to 8.
   248                              <1> mcbMarkCtn      equ "M"
   249                              <1> mcbMarkEnd      equ "Z"
   250                              <1> ;The following are used on MCB's that belong to DOS, that are not part of the
   251                              <1> ; main kernel (i.e. the CONFIG.SYS optional parts).
   252                              <1> mcbSubDriver    equ "D" ;Any memory allocated for a device driver's code.
   253                              <1> mcbSubDrvExtra  equ "L" ;Any memory allocated by a device driver.
   254                              <1> mcbSubDrvDPB    equ "P" ;Blocks used for DPB's are marked so.
   255                              <1> mcbSubIFS       equ "I" ;Unused for now
   256                              <1> mcbSubFiles     equ "F" ;Any memory allocated for Files.
   257                              <1> mcbSubFCBS      equ "X" ;Unused for now
   258                              <1> mcbSubBuffers   equ "B" ;Any memory allocated for Buffers.
   259                              <1> mcbSubCDS       equ "L" ;Any memory allocated to store a CDS.
   260                              <1> mcbSubStacks    equ "S" ;Unused for now
   261                              <1> 
   262                              <1> 
   263                              <1> memFirstFit     equ 0   ;First free block goes to application
   264                              <1> memBestFit      equ 1   ;Block whos size closest matches requirement
   265                              <1> memLastFit      equ 2   ;Last free block goes to application
   266                              <1> 
   267                              <1> ;Owner = Para aligned address => Owning application PSP
   268                              <1> ;...To consider...
   269                              <1> ;Owner = Non-para aligned address => Error? Should maybe lock up system?
   270                              <1> ;blockSize counts the number of paragraphs FROM .program TO THE NEXT MCB!
   271                              <1> ;------------------------------------------------------------------------;
   272                              <1> ; For Int 21h, the callers registers are saved on their stack in the 
   273                              <1> ; following order, thus allowing for return values to be placed in the 
   274                              <1> ; registers by accessing the caller register stack frame.
   275                              <1> ;------------------------------------------------------------------------;
   276                              <1> struc callerFrame
   277 00000000 ????????????????    <1>     .rax    dq ?  ;Bottom of frame, pointer to rax saved in oldRSP
   278 00000008 ????????????????    <1>     .rbx    dq ?    
   279 00000010 ????????????????    <1>     .rcx    dq ?
   280 00000018 ????????????????    <1>     .rdx    dq ?
   281 00000020 ????????????????    <1>     .rsi    dq ?
   282 00000028 ????????????????    <1>     .rdi    dq ?
   283 00000030 ????????????????    <1>     .rbp    dq ?
   284 00000038 ????????????????    <1>     .r8     dq ?  ;To be removed if truly not needed
   285 00000040 ????????????????    <1>     .r9     dq ?
   286                              <1> ;Pushed by Processor when invoked via Interrupt
   287 00000048 ????????????????    <1>     .rip    dq ?
   288 00000050 ????????????????    <1>     .cs     dq ?
   289 00000058 ????????????????    <1>     .flags  dq ?
   290                              <1> endstruc
   291                              <1> 
   292                              <1> struc dpl
   293                              <1> ;DOS parameter list, pointer to this stack is passed to DOS in rdx on
   294                              <1> ; server calls
   295 00000000 ????????????????    <1>     .rax    dq ?
   296 00000008 ????????????????    <1>     .rbx    dq ?
   297 00000010 ????????????????    <1>     .rcx    dq ?
   298 00000018 ????????????????    <1>     .rdx    dq ?
   299 00000020 ????????????????    <1>     .rsi    dq ?
   300 00000028 ????????????????    <1>     .rdi    dq ?
   301 00000030 ????????????????    <1>     .r8     dq ?
   302 00000038 ????????????????    <1>     .r9     dq ?
   303 00000040 ????????????????    <1>     .align  dq ?
   304 00000048 ????????????????    <1>     .compID dq ?  ;Computer id, low word used only
   305 00000050 ????????????????    <1>     .procID dq ?  ;Process ID
   306                              <1> endstruc
   307                              <1> 
   308                              <1> struc cfgFrame  ;Frame used for config.sys parsing
   309 00000000 ????????????????    <1>     .oldRBP         dq ?  ;Ptr to DOSSEG
   310 00000008 ????????????????    <1>     .newBuffers     dq ?  ;New buffers value
   311 00000010 ????????????????    <1>     .newSFTVal      dq ?
   312 00000018 ????????????????    <1>     .newFCBSVal     dq ?
   313 00000020 ????????????????    <1>     .newProtFCBSVal dq ?  ;Number of protected FCBS
   314 00000028 ????????????????    <1>     .newLastdrive   dq ?
   315 00000030 ????????????????    <1>     .newStacks      dq ?  ;Ignored for now
   316 00000038 ????????????????    <1>     .newStackSize   dq ?  ;Ignored for now
   317 00000040 ????????????????    <1>     .cfgHandle      dq ?  ;CONFIG.SYS handle
   318 00000048 ????????????????    <1>     .lastLine       dq ?  ;Set if the last line is current
   319 00000050 ????????????????    <1>     .linePtr        dq ?  ;Ptr to line buffer of line being processed
   320 00000058 ????????????????    <1>     .driverBreak    dq ?  ;Ptr to the pathname terminator 
   321 00000060 ????????????????    <1>     .breakChar      dq ?  ;Char that was replaced by null for terminator
   322                              <1> endstruc
   323                              <1> 
   324                              <1> struc filename
   325                              <1> ;8.3 File name struct
   326 00000000 ????????????????    <1>     .fName  db 8 dup (?)
   327 00000008 ??????              <1>     .fExt   db 3 dup (?)
   328                              <1> endstruc
   329                              <1> 
   330                              <1> struc ffBlock   ;The structure of the Find First structure at the DTA
   331 00000000 ??                  <1>     .driveNum   db ?  ;Drive we are searching on, 1 based number
   332 00000001 <res Bh>            <1>     .template   db 11 dup (?) ;Search template (? meaning anything)
   333 0000000C ??                  <1>     .attrib     db ?  ;Search attribute
   334 0000000D ????????            <1>     .dirOffset  dd ?  ;32 byte entry within dir cluster
   335 00000011 ????????            <1>     .parDirClus dd ?  ;Parent Directory Cluster number
   336 00000015 ??                  <1>     .attribFnd  db ?  ;Attrib of file found
   337 00000016 ????                <1>     .fileTime   dw ?  ;File time
   338 00000018 ????                <1>     .fileDate   dw ?  ;File date
   339 0000001A ????????            <1>     .fileSize   dd ?  ;Number of bytes
   340 0000001E <res Dh>            <1>     .asciizName db 13 dup (?) ;ASCIIZ name with dot and terminating nul
   341                              <1> endstruc
   342                              <1> 
   343                              <1> 
   344                              <1> dfltJFTsize equ 20  ;Default size of PSP JFT
   345                              <1> struc psp
   346 00000000 ????                <1>     .return     db 2 dup (?)  ;Should always be CDh 20h, same place as DOS
   347 00000002 ????????            <1>     .allocSize  dd ?  ;Number of paras in init alloc or when exiting as TSR.
   348 00000006 ????????            <1>                 dd ?  ;Reserved 4 bytes
   349 0000000A ????????????????    <1>     .oldInt22h  dq ?  ;Int 22h pointer on overlay load
   350 00000012 ????????????????    <1>     .oldInt23h  dq ?  ;Int 23h pointer on overlay load
   351 0000001A ????????????????    <1>     .oldInt24h  dq ?  ;Int 24h pointer on overlay load
   352 00000022 ????????????????    <1>     .parentPtr  dq ?  ;Pointer to parent process PSP
   353                              <1> ;If jftSize > 20, then the QWORD at .jobFileTbl becomes a pointer
   354                              <1> ; to the actual in use JFT and the other 12 bytes are left undefined.
   355                              <1> ;If jftSize < 20 (DOS will never set it so), then it is considered as 20
   356                              <1> ;If the user tries to reduce handle count to 20 or less, then the PSP JFT is 
   357                              <1> ; always used and jftSize.
   358                              <1>     .externalJFTPtr:    ;Ptr to external JFT array (first byte AFTER MCB)
   359 0000002A <res 14h>           <1>     .jobFileTbl db dfltJFTsize dup (?) ;Main File handle array, JFT
   360 0000003E ????????????????    <1>     .envPtr     dq ?  ;Pointer to the environment
   361 00000046 ????????????????    <1>     .rspPtr     dq ?  ;Pointer to rsp on entry to Int 21h
   362 0000004E ????                <1>     .jftSize    dw ?  ;JFT array size, 20 => PSP JFT in use
   363 00000050 ??????              <1>     .unixEntry  db 3 dup (?)  ;Must always be CDh 21h CBh, same place as DOS
   364 00000053 ????????????????    <1>     .prevPSP    dq ?  ;Pointer to the previous PSP in chain (used by SHARE)
   365 0000005B ??                  <1>                 db ?  ;Reserved byte
   366                              <1> ;The below are in the same place as in DOS.
   367                              <1>     .cmdLineArgPtr: ;Symbol for future use
   368 0000005C <res 10h>           <1>     .fcb1       db 16 dup (?)  ;First FCB,    argument 1 
   369 0000006C <res 14h>           <1>     .fcb2       db 20 dup (?)  ;Second FCB,   argument 2
   370                              <1>     .dta:   ;Pointer to the default DTA in the PSP
   371 00000080 ??                  <1>     .parmList   db ?   ;Number of characters in command tail
   372 00000081 <res 7Fh>           <1>     .progTail   db 127 dup (?) ;Default DTA/Program tail
   373                              <1> endstruc
   374                              <1> 
   375                              <1> struc clkStruc
   376 00000000 ????                <1>     .dateWord   dw ?
   377 00000002 ??                  <1>     .minutes    db ?
   378 00000003 ??                  <1>     .hours      db ?
   379 00000004 ??                  <1>     .hseconds   db ?  ;Hundreths of seconds
   380 00000005 ??                  <1>     .seconds    db ?
   381                              <1> endstruc
   382                              <1> 
   383                              <1> 
   384                              <1> struc extCtryStruc
   385 00000000 ??                  <1>     .infoIDCode db ?    ;Information ID code (01h)
   386 00000001 ????                <1>     .strucSize  dw ?    ;Length of the structure  (42 or less)
   387 00000003 ????                <1>     .ctryID     dw ?    ;Country ID number
   388 00000005 ????                <1>     .cpNumber   dw ?    ;Code page number
   389 00000007 ????                <1>     .dtfmt      dw ?    ;Date time format (2 bytes)
   390                              <1>                         ;0 = month day year hh:mm:ss
   391                              <1>                         ;1 = day month year hh:mm:ss
   392                              <1>                         ;2 = year month day hh:mm:ss
   393 00000009 ??????????          <1>     .curr       db 5 dup (?)   ;ASCIIZ Currency symbol (5 chars)
   394 0000000E ????                <1>     .thouSep    db 2 dup (?)   ;ASCIIZ Thousands separator
   395 00000010 ????                <1>     .dcmlSep    db 2 dup (?)   ;ASCIIZ Decimal separator
   396 00000012 ????                <1>     .dateSep    db 2 dup (?)   ;ASCIIZ Date separator
   397 00000014 ????                <1>     .timeSep    db 2 dup (?)   ;ASCIIZ Time separator
   398 00000016 ??                  <1>     .currFmt    db ?    ;Currency Format
   399                              <1>                         ;0 = Symbol leads, without space
   400                              <1>                         ;1 = Symbol follows, without space
   401                              <1>                         ;2 = Symbol leads, one space
   402                              <1>                         ;3 = Symbol follows, one space
   403                              <1>                         ;4 = Symbol replace decimal separator
   404 00000017 ??                  <1>     .digtdpt    db ?    ;Number of digits after the decimal point
   405 00000018 ??                  <1>     .timefmt    db ?    ;Time format, Bit 0 = 0 => 12 hour, = 1 => 24 hour clock
   406 00000019 ????????????????    <1>     .mapptr     db 8 dup (?)  ;Case map address (0 is nulptr), needs fixing up
   407 00000021 ????                <1>     .dataSep    db 2 dup (?)  ;Data list separator
   408 00000023 <res Ah>            <1>     .resv       db 10 dup (?) ;Reserve 10 bytes
   409                              <1> endstruc
   410                              <1> 
   411                              <1> struc countryStruc
   412 00000000 ????                <1>     .dtfmt      dw ?    ;Date time format (2 bytes)
   413                              <1>                         ;0 = month day year hh:mm:ss
   414                              <1>                         ;1 = day month year hh:mm:ss
   415                              <1>                         ;2 = year month day hh:mm:ss
   416 00000002 ??????????          <1>     .curr       db 5 dup (?)   ;ASCIIZ Currency symbol (5 chars)
   417 00000007 ????                <1>     .thouSep    db 2 dup (?)   ;ASCIIZ Thousands separator
   418 00000009 ????                <1>     .dcmlSep    db 2 dup (?)   ;ASCIIZ Decimal separator
   419 0000000B ????                <1>     .dateSep    db 2 dup (?)   ;ASCIIZ Date separator
   420 0000000D ????                <1>     .timeSep    db 2 dup (?)   ;ASCIIZ Time separator
   421 0000000F ??                  <1>     .currFmt    db ?    ;Currency Format
   422                              <1>                         ;0 = Symbol leads, without space
   423                              <1>                         ;1 = Symbol follows, without space
   424                              <1>                         ;2 = Symbol leads, one space
   425                              <1>                         ;3 = Symbol follows, one space
   426                              <1>                         ;4 = Symbol replace decimal separator
   427 00000010 ??                  <1>     .digtdpt    db ?    ;Number of digits after the decimal point
   428 00000011 ??                  <1>     .timefmt    db ?    ;Time format, Bit 0 = 0 => 12 hour, = 1 => 24 hour clock
   429 00000012 ????????????????    <1>     .mapptr     db 8 dup (?)  ;Case map address (0 is nulptr), needs fixing up
   430 0000001A ????                <1>     .dataSep    db 2 dup (?)  ;Data list separator
   431 0000001C <res Ah>            <1>     .resv       db 10 dup (?) ;Reserve 10 bytes
   432                              <1> endstruc
   433                              <1> 
   434                              <1> ;Critical Error AH bitfield equates
   435                              <1> critRead    equ 0h
   436                              <1> critWrite   equ 1h
   437                              <1> critDOS     equ 0h
   438                              <1> critFAT     equ 2h
   439                              <1> critDir     equ 4h
   440                              <1> critData    equ 6h
   441                              <1> critFailOK  equ 8h
   442                              <1> critRetryOK equ 10h
   443                              <1> critIgnorOK equ 20h
   444                              <1> critCharDev equ 80h
   445                              <1> 
   446                              <1> critIgnore  equ 0
   447                              <1> critRetry   equ 1
   448                              <1> critAbort   equ 2
   449                              <1> critFail    equ 3
   450                              <1> 
   451                              <1> ;MISC ASCII control chars
   452                              <1> NUL equ 00h ;^@         | ASCII Null
   453                              <1> ETX equ 03h ;^C         | ASCII Break (End of Text) 
   454                              <1> ACK equ 06h ;^F         | ASCII Acknowledgement
   455                              <1> BEL equ 07h ;^G         | ASCII Bell
   456                              <1> BSP equ 08h ;^H         | ASCII Backspace
   457                              <1> TAB equ 09h ;^I         | ASCII Horizontal Tab
   458                              <1> LF  equ 0Ah ;^J         | ASCII Line Feed
   459                              <1> CR  equ 0Dh ;^M         | ASCII Carriage Return
   460                              <1> DLE equ 10h ;^P         | ASCII Data Link End (Toggle Print Echo)
   461                              <1> DC3 equ 13h ;^S         | ASCII Device Control 3 (Toggle Scroll Lock)
   462                              <1> DC4 equ 14h ;^T         | ASCII Device Control 4
   463                              <1> NAK equ 15h ;^U         | ASCII Negative Acknowledgement
   464                              <1> ETB equ 17h ;^W         | ASCII End of Transmission Block
   465                              <1> EOF equ 1Ah ;^Z         | ASCII Substitute character (End of File)
   466                              <1> ESC equ 1Bh ;           | ASCII Escape char, used for ANSI.SYS
   467                              <1> SPC equ 20h ;Printable  | ASCII Space
   468                              <1> ;This last one is NEVER printed with a caret as it is a console control char
   469                              <1> DEL equ 7Fh ;^?         | ASCII Rubout (Del char and dec cursor)
   470                              <1> 
   471                              <1> asciiCaret  equ 20h ;Used to check which chars need to be printed with caret
   472                              <1> ;Extended Ascii Codes
   473                              <1> eF1     equ 3Bh ;F1 second byte
   474                              <1> eF2     equ 3Ch ;F2 second byte
   475                              <1> eF3     equ 3Dh ;F3 second byte
   476                              <1> eF4     equ 3Eh ;F4 second byte
   477                              <1> eF5     equ 3Fh ;F5 second byte
   478                              <1> eF6     equ 40h ;F6 second byte
   479                              <1> eF7     equ 41h ;F7 second byte
   480                              <1> eCursL  equ 4Bh ;Cursor Left second byte
   481                              <1> eCursR  equ 4Dh ;Cursor Right second byte
   482                              <1> eIns    equ 52h ;Insert second byte
   483                              <1> eDel    equ 53h ;DEL second byte (not necessarily delete key)
   484                              <1> 
   485                              <1> ;Default Configuration for the system
   486                              <1> 
   487                              <1> buffersDefault  equ 30
   488                              <1> filesDefault    equ 20
   489                              <1> fcbsDefault     equ 4
   490                              <1> safeFcbsDeflt   equ 0
   491                              <1> lastDriveDeflt  equ 5   
   492                              <1> 
   493                              <1> ;ASCII char property table equates. If such a bit is clear in signature in table
   494                              <1> ; then the char has this property.
   495                              <1> badChar     equ 1   ;Bad ASCIIZ filename char
   496                              <1> termChar    equ 2   ;Terminator char type
   497                              <1> sepChar     equ 4   ;Separator char type
   498                              <1> badFCBChar  equ 8   ;FCB filename char
   499                              <1> 
   500                              <1> struc sysVars
   501 00000000 ????????????????    <1>     dq ?
   502 00000008 ????????????????    <1>     dq ?
   503 00000010 ????????????????    <1>     dq ?
   504 00000018 ????????????????    <1>     dq ?
   505 00000020 ????                <1>     dw ?
   506 00000022 ????????????????    <1>     dq ?
   507 0000002A ????????????????    <1>     .cdsHeadPtr  dq ?
   508 00000032 ????????????????    <1>     dq ?
   509 0000003A ????                <1>     dw ?
   510 0000003C ??                  <1>     db ?
   511 0000003D ??                  <1>     .lastdrvNum  db ?
   512                              <1> endstruc
    16                                  %include "./inc/dosError.inc"
     1                              <1> ;DOS Error codes
     2                              <1> 
     3                              <1> ;Extended Error Codes
     4                              <1> errInvFnc   equ 1   ;Invalid function number
     5                              <1> errFnf      equ 2   ;File not found
     6                              <1> errPnf      equ 3   ;Path not found
     7                              <1> errNhl      equ 4   ;Too many open handles, no handles left
     8                              <1> errAccDen   equ 5   ;Access denied (to resource)
     9                              <1> errBadHdl   equ 6   ;Invalid handle
    10                              <1> errMCBbad   equ 7   ;MCB's destroyed
    11                              <1> errNoMem    equ 8   ;Insufficient memory
    12                              <1> errMemAddr  equ 9   ;Invalid Memory Block Address
    13                              <1> errBadEnv   equ 10  ;Invalid environment
    14                              <1> errBadFmt   equ 11  ;Invalid format (path etc)
    15                              <1> errAccCde   equ 12  ;Invalid Access Code    ?
    16                              <1> errInvDat   equ 13  ;Invalid data
    17                              <1> ;           equ 14  ;Reserved
    18                              <1> errBadDrv   equ 15  ;Invalid drive specified
    19                              <1> errDelCD    equ 16  ;Attempt to delete the current directory
    20                              <1> errDevUnk   equ 17  ;Not the same device (Device Unknown)
    21                              <1> errNoFil    equ 18  ;No more files, no match found
    22                              <1> ;The following are Driver error codes + 19
    23                              <1> drvErrShft  equ 19  ;Used to shift Driver error codes to extended error codes
    24                              <1> errWpd      equ 19  ;Attempt to write on write protected disk
    25                              <1> errUnkUnt   equ 20  ;Unknown Unit
    26                              <1> errDrvNR    equ 21  ;Drive not ready
    27                              <1> errUnkCmd   equ 22  ;Unknown Command
    28                              <1> errCRCerr   equ 23  ;Data (CRC) error
    29                              <1> errBadRLn   equ 24  ;Bad request structure length
    30                              <1> errSekErr   equ 25  ;Seek error
    31                              <1> errUnkMed   equ 26  ;Unknown media type
    32                              <1> errSecNF    equ 27  ;Sector not Found
    33                              <1> errNoPap    equ 28  ;Printer out of paper
    34                              <1> errWF       equ 29  ;Write fault
    35                              <1> errRF       equ 30  ;Read fault
    36                              <1> errGF       equ 31  ;General fault
    37                              <1> ;----------------------------------------------
    38                              <1> ;The following two go inbetween the Disk errors
    39                              <1> errShrVio   equ 32  ;Sharing violations
    40                              <1> errLokVio   equ 33  ;File Lock violation
    41                              <1> ;----------------------------------------------
    42                              <1> errIDC      equ 34  ;Driver code, Invalid Disk Change
    43                              <1> errNoFCB    equ 35  ;FCB unavailable
    44                              <1> errShrFul   equ 36  ;Sharing buffer full
    45                              <1> 
    46                              <1> errNoNet    equ 50  ;Network request not supported, generic net fail
    47                              <1> 
    48                              <1> errFilExist equ 80  ;File already exists
    49                              <1> errDirExist equ 82  ;Directory already exists
    50                              <1> errFI44     equ 83  ;Fail on Int 24h
    51                              <1> errRedir    equ 84  ;Too many levels of redirection
    52                              <1> errDupRedir equ 85  ;Trying to redirect a redirection
    53                              <1> errBadPass  equ 86  ;Bad password
    54                              <1> errBadParam equ 87  ;Bad parameter passed to request
    55                              <1> errNetWrite equ 88  ;Network Write Fault
    56                              <1> ;-----------------------------------------------------------------------------
    57                              <1> ;Error Loci
    58                              <1> eLocUnk     equ 1   ;Unknown locus, nonspecific or not appropriate
    59                              <1> eLocDsk     equ 2   ;Disk, related to Random Access to a disk or block device
    60                              <1> eLocNet     equ 3   ;Network related issues, shouldnt affect us (yet!)
    61                              <1> eLocChr     equ 4   ;Serial/Character Device error
    62                              <1> eLocMem     equ 5   ;Related to RAM
    63                              <1> ;-----------------------------------------------------------------------------
    64                              <1> ;Error Actions
    65                              <1> eActRet     equ 1   ;Retry
    66                              <1> eActDRet    equ 2   ;Delay then retry (Try again later)
    67                              <1> eActUsr     equ 3   ;Ask user to re-input data, i.e. bad filename or something
    68                              <1> eActAbt     equ 4   ;Abort with cleanup
    69                              <1> eActKil     equ 5   ;Abort without cleanup
    70                              <1> eActIgn     equ 6   ;Ignore error
    71                              <1> eActRetUsr  equ 7   ;Retry after user intervention (i.e swap remdev)
    72                              <1> ;-----------------------------------------------------------------------------
    73                              <1> ;Error classes
    74                              <1> eClsOoR     equ 1   ;Out of resources, no mem or handles
    75                              <1> eClsTS      equ 2   ;Temp sitch, should go away
    76                              <1> eClsAuth    equ 3   ;Authorisation, e.g. file permission error 
    77                              <1> eClsInt     equ 4   ;Internal DOS error or bug
    78                              <1> eClsHrdFlt  equ 5   ;Hardware Failure
    79                              <1> eClsSysFlt  equ 6   ;System Failure, i.e. missing or bad cfg files
    80                              <1> eClsAppFlt  equ 7   ;Application Program error, inconsistent requests etc...
    81                              <1> eClsNotFnd  equ 8   ;Resource not found (such as free SFT entry etc...)
    82                              <1> eClsBadFmt  equ 9   ;Bad format for resource
    83                              <1> eClsLocked  equ 10  ;Resource Locked
    84                              <1> eClsMedia   equ 11  ;Error is on medium, i.e. wrong or damaged remdev
    85                              <1> eClsClash   equ 12  ;Resource already exists!
    86                              <1> eClsUnk     equ 13  ;Unknown class
    17                                  %include "./inc/fcbStruc.inc"
     1                              <1> ;FCB related structures
     2                              <1> 
     3                              <1> ;Note: If record size > 64, high byte of randRecrd is ignored.
     4                              <1> ;This field also used for random read/write ops to find the right record
     5                              <1> struc fcb
     6 00000000 ??                  <1>     .driveNum   resb 1  ;0 based drive number
     7 00000001 ????????????????    <1>     .filename   resb 8
     8 00000009 ??????              <1>     .fileext    resb 3
     9 0000000C ????                <1>     .curBlock   resb 2  ;Current block number relative to 0
    10                              <1> ;One block consists of 128 records, of size denoted in the below
    11 0000000E ????                <1>     .recordSize resb 2  ;Record size, default 80h
    12 00000010 ????????            <1>     .fileSize   resb 4  ;File size, in bytes
    13 00000014 ????                <1>     .fileDate   resb 2  ;Standard date format
    14 00000016 ????                <1>     .fileTime   resb 2  ;Standard time format
    15                              <1>     ;----------------------------------------
    16                              <1>     ;Internal Records
    17 00000018 ??                  <1>     .sftNdx     resb 1  ;Internal, SFT ndx number
    18 00000019 ??                  <1>     .fcbMode    resb 1  ;Internal byte, to indicate format of special field
    19 0000001A ????????????        <1>     .special    resb 6  ;For use with below internal structures
    20                              <1>     ;----------------------------------------
    21 00000020 ??                  <1>     .recordNum  resb 1  ;Current record in block
    22 00000021 ????????            <1>     .randRecrd  resb 4  ;Relative record number, relative to start of file
    23                              <1> endstruc
    24                              <1> 
    25                              <1> struc exFcb
    26 00000000 ??                  <1>     .extSig     resb 1  ;If the first byte is -1, signals an exFCB
    27 00000001 ??????????          <1>     .reserved   resb 5  
    28 00000006 ??                  <1>     .attribute  resb 1  ;File attribute byte
    29 00000007 ??                  <1>     .driveNum   resb 1  ;0 based drive number
    30 00000008 ????????????????    <1>     .filename   resb 8
    31 00000010 ??????              <1>     .fileext    resb 3
    32 00000013 ????                <1>     .curBlock   resb 2  ;Current block number relative to 0
    33                              <1> ;One block consists of 128 records, of size denoted in the below
    34 00000015 ????                <1>     .recordSize resb 2  ;Record size, default 80h
    35 00000017 ????????            <1>     .fileSize   resb 4  ;File size, in bytes
    36 0000001B ????                <1>     .fileDate   resb 2  ;Standard date format
    37 0000001D ????                <1>     .fileTime   resb 2  ;Standard time format
    38                              <1>     ;----------------------------------------
    39                              <1>     ;Internal Records
    40 0000001F ??                  <1>     .sftNdx     resb 1  ;Internal, SFT ndx number
    41 00000020 ??                  <1>     .fcbMode    resb 1  ;Internal byte, to indicate format of special field
    42 00000021 ????????????        <1>     .special    resb 6  ;For use with below internal structures
    43                              <1>     ;----------------------------------------
    44 00000027 ??                  <1>     .recordNum  resb 1  ;Current record in block
    45 00000028 ????????            <1>     .randRecrd  resb 4  ;Relative record number, relative to start of file
    46                              <1> endstruc
    47                              <1> 
    48                              <1> struc renameFcb
    49                              <1> ;Used for accessing the names and drive letter for renaming
    50                              <1> ;The fcb ptr must be pointing to the drivenumber even if the passed fcb was ext
    51 00000000 ??                  <1>     .driveNum   resb 1
    52 00000001 ????????????????    <1>     .filename   resb 8
    53 00000009 ??????              <1>     .fileext    resb 3
    54 0000000C ????????            <1>     .reserved   resb 4  ;Alignment bytes, cleared by AH=29h
    55 00000010 ??                  <1>     .resDrvNum  resb 1  ;Always zero, used by AH=29h for the drive letter
    56 00000011 ????????????????    <1>     .newName    resb 8
    57 00000019 ??????              <1>     .newExt     resb 3
    58 0000001C ????????            <1>     .reserved2  resb 4  ;Alignement bytes, cleared by AH=29h
    59                              <1> endstruc
    60                              <1> 
    61                              <1> struc exRenFcb
    62                              <1> ;Used for accessing the names and drive letter for renaming
    63                              <1> ;The fcb ptr must be pointing to the drivenumber even if the passed fcb was ext
    64 00000000 ??                  <1>     .extSig     db ?  ;If the first byte is -1, signals an exFCB
    65 00000001 ??????????          <1>     .res0       db 5 dup (?)  
    66 00000006 ??                  <1>     .attribute  db ?  ;File attribute byte
    67 00000007 ??                  <1>     .driveNum   db ?
    68 00000008 ????????????????    <1>     .filename   dq ?
    69 00000010 ??????              <1>     .fileext    db 3 dup (?)
    70 00000013 ????????            <1>     .reserved   dd ?  ;Alignment bytes, cleared by AH=29h
    71 00000017 ??                  <1>     .resDrvNum  db ?  ;Always zero, used by AH=29h for the drive letter
    72 00000018 ????????????????    <1>     .newName    dq ?
    73 00000020 ??????              <1>     .newExt     db 3 dup (?)
    74 00000023 ????????            <1>     .reserved2  dd ?  ;Alignment bytes, cleared by AH=29h
    75                              <1> endstruc
    76                              <1> 
    77                              <1> ;FCBmode equates:
    78                              <1> ;Bit 7 = Set => Share loaded, Clear => Share not loaded
    79                              <1> ;Bit 6 = Set => Char device, Clear => Disk file
    80                              <1> ;Bits [5,0] = Low 6 bits of device attribute word 
    81                              <1> fcbShareOn  equ 80h
    82                              <1> fcbCharDev  equ 40h
    83                              <1> fcbLocal    equ 40h
    84                              <1> 
    85                              <1> ;Structures of the special 6 bytes
    86                              <1> 
    87                              <1> ;Used when share is NOT loaded (fcbMode = 0xxxxxxxb)
    88                              <1> struc noShare   
    89 00000000 ??                  <1>     .attribWord resb 1  ;(lowbyte DevAttrWord && 0Ch) || open mode
    90 00000001 ????                <1>     .startClust resb 2  ;Starting cluster of file (too small for FAT32)
    91 00000003 ????                <1>     .dirSect    resb 2  ;Sector containing dir entry (too small for FAT32)
    92 00000005 ??                  <1>     .dirEntry   resb 1  ;Number of 32 byte directory entry IN sector
    93                              <1> endstruc
    94                              <1> 
    95                              <1> ;Used when the volume is local and share is loaded (fcbMode = 11xxxxxxb)
    96                              <1> struc shareLocal    
    97 00000000 ????                <1>     .strtClust  resb 2  ;Starting cluster on disk of file (too small for FAT32)
    98 00000002 ????                <1>     .shareSig   resb 2  ;Share record number for this file (to find record)
    99 00000004 ????                <1>     .fileAttr   resb 2  ;File attribute (accessed as a byte)
   100                              <1> endstruc
   101                              <1> 
   102                              <1> ;Used when the volume is remote and share is loaded (fcbMode = 10xxxxxxb)
   103                              <1> struc shareNet
   104                              <1> ;All three fields too small for FAT32
   105 00000000 ????                <1>     .dirSect    resb 2  ;Sector number containing dir entry
   106 00000002 ????                <1>     .relClust   resb 2  ;File relative cluster of last cluster accessed
   107 00000004 ????                <1>     .absClust   resb 2  ;Disk relative cluster of last cluster accessed
   108                              <1> endstruc
    18                                  %include "./inc/label.inc"
     1                              <1> ;Misc structs here :)
     2                              <1> 
     3                              <1> struc idParamBlk
     4 00000000 ????                <1>     .wCallLvl   dw ?    ;Should be zero
     5 00000002 ????????            <1>     .volId      dd ?    ;Volume Id
     6 00000006 <res Bh>            <1>     .volLab     db 11 dup (?)   ;Volume label string
     7 00000011 ????????????????    <1>     .filSysType db 8 dup (?)    ;File system type string
     8                              <1> endstruc
    19                                  %include "./src/lblsrc.asm"
     1                              <1> ;Laebl main routine
     2                              <1> startLabel:
     3 00000000 488D25(68010000)    <1>     lea rsp, endOfAlloc   ;Move RSP to our internal stack
     4                              <1> ;Now let us resize ourselves so as to take up as little memory as possible
     5 00000007 BB[68010000]        <1>     mov ebx, endOfAlloc
     6 0000000C B8004A0000          <1>     mov eax, 4A00h
     7 00000011 CD21                <1>     int 21h ;If this fails, we still proceed as we are just being polite!
     8                              <1> parseCmdLine:
     9                              <1> ;Now parse the command line
    10 00000013 498DB081000000      <1>     lea rsi, qword [r8 + psp.progTail]
    11 0000001A 31C0                <1>     xor eax, eax    ;Clear all upper bytes for fun
    12 0000001C E8E9020000          <1>     call skipDelims ;Goto the first non-delimiter char
    13 00000021 3C0D                <1>     cmp al, CR  ;If empty command line, deal with it later
    14 00000023 744E                <1>     je processCmdline
    15                              <1>     ;If the second char is not colon, assumed to be label for the curdrv
    16 00000025 807E013A            <1>     cmp byte [rsi + 1], ":"
    17 00000029 7521                <1>     jne .labelFnd
    18                              <1>     ;Here we had a x:. Uppercase the char in al and proceed
    19 0000002B 50                  <1>     push rax
    20 0000002C B813120000          <1>     mov eax, 1213h  ;Call on DOS to uppercase char in al.
    21 00000031 CD2F                <1>     int 2fh
    22 00000033 2C40                <1>     sub al, "@" ;Convert into a 1 based drive number (so 0 means curdrv)
    23 00000035 880507030000        <1>     mov byte [drvNum], al
    24 0000003B 58                  <1>     pop rax ;Renormalise the stack
    25                              <1>     ;The first non-delim char immediately after the colon is the label
    26 0000003C 4881C602000000      <1>     add rsi, 2  ;Go past the colon
    27                              <1> ;Check the first char past the colon is not a CR. If it is, avoid setting
    28                              <1> ; the pointer to the CR. No need to move below .labelFnd as the check 
    29                              <1> ; in the case we jump is already made
    30 00000043 E8C2020000          <1>     call skipDelims
    31 00000048 3C0D                <1>     cmp al, CR
    32 0000004A 7427                <1>     je processCmdline
    33                              <1> .labelFnd:
    34                              <1> ;If a volume label is passed on the command line, copy it into the inBuffer
    35                              <1> ; until a delimiter is hit
    36 0000004C C605EE020000FF      <1>     mov byte [lblGvn], -1   ;Set the flag that a label in inBuffer + 2
    37 00000053 488D3D58040000      <1>     lea rdi, inBuffer + 2
    38                              <1> .lblCpyLp:
    39 0000005A AC                  <1>     lodsb
    40 0000005B E8B6020000          <1>     call isALDelim
    41 00000060 7411                <1>     je processCmdline
    42 00000062 AA                  <1>     stosb
    43 00000063 FE0548040000        <1>     inc byte [inBuffer + 1] ;Increment the count
    44 00000069 3C0D                <1>     cmp al, CR  ;Did we just store a CR?
    45 0000006B 75ED                <1>     jne .lblCpyLp   ;If not, keep going
    46 0000006D FE0D3E040000        <1>     dec byte [inBuffer + 1] ;Remove the terminating CR from the count
    47                              <1> processCmdline:
    48                              <1> ;Now we have a label pointer, a disk number etc. 
    49                              <1> ;Now ensure that a drive number of 0 is converted to the actual 1 based number
    50 00000073 8A05C9020000        <1>     mov al, byte [drvNum]
    51 00000079 84C0                <1>     test al, al
    52 0000007B 750F                <1>     jnz doDrvCheck
    53 0000007D B800190000          <1>     mov eax, 1900h  ;Get the current 0 based drive number in al
    54 00000082 CD21                <1>     int 21h
    55 00000084 FEC0                <1>     inc al
    56 00000086 8805B6020000        <1>     mov byte [drvNum], al
    57                              <1> doDrvCheck:
    58                              <1> ;Make sure the drive chosen is not SUBST/JOIN/NET.
    59 0000008C 0FB6C8              <1>     movzx ecx, al ;Save the 1 based drive number in ecx
    60 0000008F B800520000          <1>     mov eax, 5200h
    61 00000094 CD21                <1>     int 21h
    62 00000096 384B3D              <1>     cmp byte [rbx + sysVars.lastdrvNum], cl
    63 00000099 7315                <1>     jnb .drvOk
    64                              <1> .badDrvExit:
    65 0000009B 488D153C030000      <1>     lea rdx, badDrv
    66                              <1> .badPrintExit:
    67 000000A2 B800090000          <1>     mov eax, 0900h
    68 000000A7 CD21                <1>     int 21h
    69 000000A9 B8FF4C0000          <1>     mov eax, 4CFFh
    70 000000AE CD21                <1>     int 21h
    71                              <1> .drvOk:
    72 000000B0 FEC9                <1>     dec cl  ;Turn into an offset into the CDS
    73 000000B2 488B7B2A            <1>     mov rdi, qword [rbx + sysVars.cdsHeadPtr]
    74 000000B6 B85F000000          <1>     mov eax, cds_size
    75 000000BB F7E1                <1>     mul ecx
    76 000000BD 4801C7              <1>     add rdi, rax
    77 000000C0 66F747430040        <1>     test word [rdi + cds.wFlags], cdsValidDrive
    78 000000C6 74D3                <1>     jz .badDrvExit  ;If it is not valid, error out!
    79 000000C8 66F747430080        <1>     test word [rdi + cds.wFlags], cdsRedirDrive
    80 000000CE 7409                <1>     jz .drvNotNet
    81 000000D0 488D1558030000      <1>     lea rdx, netDrv
    82 000000D7 EBC9                <1>     jmp short .badPrintExit
    83                              <1> .drvNotNet:
    84 000000D9 66F747430030        <1>     test word [rdi + cds.wFlags], cdsSubstDrive | cdsJoinDrive
    85 000000DF 7409                <1>     jz setDTA
    86 000000E1 488D1514030000      <1>     lea rdx, jsaDrv
    87 000000E8 EBB8                <1>     jmp short .badPrintExit
    88                              <1> setDTA:
    89                              <1> ;Now set the DTA to an internal DTA and do a find first
    90 000000EA 488D155D030000      <1>     lea rdx, searchDta
    91 000000F1 B8001A0000          <1>     mov eax, 1A00h  ;Set DTA to interneal data
    92 000000F6 CD21                <1>     int 21h
    93                              <1> 
    94 000000F8 E82C020000          <1>     call getLabel
    95 000000FD 0FBEE8              <1>     movsx ebp, al   ;Save the ret code. If 0, label exists. If -1, no label
    96                              <1> 
    97 00000100 E8B8010000          <1>     call printLabel
    98 00000105 8A0536020000        <1>     mov al, byte [lblGvn]   ;Check the command line lbl flag
    99 0000010B 84C0                <1>     test al, al
   100 0000010D 7533                <1>     jnz parseLbl
   101                              <1> getLbL:
   102 0000010F E876010000          <1>     call printNewline
   103 00000114 488D1570020000      <1>     lea rdx, vPrmptS
   104 0000011B E88C010000          <1>     call printStr
   105                              <1> inLbL:
   106 00000120 488D1589030000      <1>     lea rdx, inBuffer
   107 00000127 B8000A0000          <1>     mov eax, 0A00h
   108 0000012C CD21                <1>     int 21h
   109 0000012E E85E010000          <1>     call printCRLF
   110 00000133 66813D75030000000D  <1>     cmp word [inBuffer + 1], 0D00h   ;If only a CR was entered, then delete
   111 0000013C 0F8489000000        <1>     je delLbl
   112                              <1> parseLbl:
   113 00000142 488D3569030000      <1>     lea rsi, qword [inBuffer + 2]    ;Else get the pointer in rsi
   114 00000149 0FB61D61030000      <1>     movzx ebx, byte [inBuffer + 1]   ;Get the chars typed in
   115 00000150 C6041E20            <1>     mov byte [rsi + rbx], SPC   ;Cover the CR with a space!
   116                              <1> 
   117 00000154 488D151E030000      <1>     lea rdx, volFcb
   118 0000015B 8A05E1010000        <1>     mov al, byte [drvNum]
   119 00000161 884207              <1>     mov byte [rdx + exFcb.driveNum], al ;Store the drive number here
   120 00000164 85ED                <1>     test ebp, ebp   ;epb acts as a flag for if a label already exists!!
   121 00000166 0F84C7000000        <1>     jz renLbl
   122                              <1> mkLbl:
   123 0000016C 488D7A08            <1>     lea rdi, qword [rdx + exFcb.filename]
   124 00000170 48A5                <1>     movsq
   125 00000172 66A5                <1>     movsw
   126 00000174 A4                  <1>     movsb
   127 00000175 B800160000          <1>     mov eax, 1600h  ;FCB Create
   128 0000017A CD21                <1>     int 21h
   129 0000017C 84C0                <1>     test al, al
   130 0000017E 7511                <1>     jnz badLbL
   131 00000180 E8A4010000          <1>     call getLabel   ;Ensure we read the set disk label from dir
   132 00000185 488D35CA020000      <1>     lea rsi, searchDta + exFcb.filename ;Set rsi for bsSync
   133 0000018C E9ED000000          <1>     jmp exit
   134                              <1> 
   135                              <1> badLbL:
   136 00000191 31C0                <1>     xor eax, eax
   137 00000193 8605A8010000        <1>     xchg al, byte [lblGvn]    ;No longer use the label given if one was given!
   138 00000199 50                  <1>     push rax
   139 0000019A 85C0                <1>     test eax, eax
   140 0000019C 7405                <1>     jz .l1
   141 0000019E E81A010000          <1>     call printLabel ;If the label was given, we need to print the label header
   142                              <1> .l1:
   143 000001A3 E8E2000000          <1>     call printNewline
   144 000001A8 488D15B8010000      <1>     lea rdx, vBadStr
   145 000001AF E8F8000000          <1>     call printStr
   146 000001B4 488D3DF7020000      <1>     lea rdi, inBuffer + 2
   147 000001BB C647FF00            <1>     mov byte [rdi - 1], 0
   148 000001BF B020                <1>     mov al, SPC
   149 000001C1 B10C                <1>     mov cl, 12
   150 000001C3 F3AA                <1>     rep stosb
   151 000001C5 58                  <1>     pop rax ;Get the lblGvn status
   152 000001C6 E955FFFFFF          <1>     jmp inLbL
   153                              <1> 
   154                              <1> delLbl:
   155 000001CB 85ED                <1>     test ebp, ebp   ;If there is no label, just exit 
   156 000001CD 0F85AB000000        <1>     jnz exit
   157                              <1> .lp:
   158 000001D3 E8B9000000          <1>     call printCRLF
   159 000001D8 488D15DB010000      <1>     lea rdx, delStr
   160 000001DF E8C8000000          <1>     call printStr
   161 000001E4 488D15C5020000      <1>     lea rdx, inBuffer 
   162 000001EB C70202000000        <1>     mov dword [rdx], 2  ;Make space for a Y/N and CR
   163 000001F1 B8000A0000          <1>     mov eax, 0A00h
   164 000001F6 CD21                <1>     int 21h
   165 000001F8 E894000000          <1>     call printCRLF
   166 000001FD 803DAD02000001      <1>     cmp byte [inBuffer + 1], 1
   167 00000204 75CD                <1>     jne .lp
   168 00000206 8A15A6020000        <1>     mov dl, byte [inBuffer + 2]
   169 0000020C B823650000          <1>     mov eax, 6523h  ;Check Yes/No (upper word zeroed)
   170 00000211 CD21                <1>     int 21h
   171 00000213 3D01000000          <1>     cmp eax, 1  ;Are we yes? Fallthrough if so
   172 00000218 77B9                <1>     ja .lp      ;eax = 2, neither
   173 0000021A 7262                <1>     jb exit   ;eax = 0, No, exit 
   174 0000021C 488D1556020000      <1>     lea rdx, volFcb ;Already setup drive and all ???? for deleting
   175 00000223 B800130000          <1>     mov eax, 1300h  ;FCB Delete (if a bad dir with many labels, deletes all)
   176 00000228 CD21                <1>     int 21h
   177 0000022A 488D3574020000      <1>     lea rsi, defaultLbl    ;Sync the default label
   178 00000231 EB4B                <1>     jmp short exit
   179                              <1> 
   180                              <1> renLbl:
   181                              <1> ;First compare the names. If they are the same, just exit oki.
   182                              <1> ;Always update BPB though.
   183 00000233 488D7A08            <1>     lea rdi, qword [rdx + exRenFcb.filename]
   184 00000237 48B83F3F3F3F3F3F3F- <1>     mov rax, "????????"
   184 00000240 3F                  <1>
   185 00000241 48AB                <1>     stosq
   186 00000243 66AB                <1>     stosw
   187 00000245 AA                  <1>     stosb
   188 00000246 488D7A18            <1>     lea rdi, qword [rdx + exRenFcb.newName]
   189 0000024A 48A5                <1>     movsq
   190 0000024C 66A5                <1>     movsw
   191 0000024E A4                  <1>     movsb
   192 0000024F B800170000          <1>     mov eax, 1700h  ;FCB Rename
   193 00000254 CD21                <1>     int 21h
   194 00000256 E8CE000000          <1>     call getLabel   ;Now check the label is as we set it
   195 0000025B 488D35F4010000      <1>     lea rsi, searchDta + exFcb.filename
   196 00000262 488D3D49020000      <1>     lea rdi, inBuffer + 2
   197 00000269 C6460B00            <1>     mov byte [rsi + 11], 0  ;Turn into ASCIIZ strings
   198 0000026D C6470B00            <1>     mov byte [rdi + 11], 0
   199 00000271 B81E120000          <1>     mov eax, 121Eh  ;Preserves rsi
   200 00000276 CD2F                <1>     int 2fh         ;Filename specific string comp
   201 00000278 0F8513FFFFFF        <1>     jne badLbL
   202                              <1> exit:
   203 0000027E E80E000000          <1>     call printCRLF
   204 00000283 B8004C0000          <1>     mov eax, 4C00h
   205 00000288 CD21                <1>     int 21h
   206                              <1> 
   207                              <1> 
   208                              <1> ;Misc subroutines
   209                              <1> printNewline:
   210 0000028A E802000000          <1>     call printCRLF
   211 0000028F EB07                <1>     jmp short printLF
   212                              <1> printCRLF:
   213 00000291 B20D                <1>     mov dl, CR
   214 00000293 E802000000          <1>     call printChar
   215                              <1> printLF:
   216 00000298 B20A                <1>     mov dl, LF
   217                              <1> printChar:
   218 0000029A F605A0000000FF      <1>     test byte [lblGvn], -1
   219                              <1>     retnz
    45                              <2> cret nz
    19                              <3> %%_base:
    20                              <3> %assign baseVar %%_base-$$
    21                              <3>  %ifdef retOff
    22                              <3>  %if (baseVar - retOff <= 126) && (baseVar > retOff)
    23                              <3>  %ifdef currSegVBase
    24                              <3>  j%+1 short (retOff+currSegVBase)
    25                              <3>  %else
    26                              <3>  j%+1 short retOff
    27                              <3>  %endif
    28                              <3>  %else
    29                              <3>  j%-1 short %%a
    30                              <3>  return
    31                              <3> %%a:
    32                              <3>  %endif
    33                              <3>  %else
    34 000002A1 7401                <3>  j%-1 short %%a
    35                              <3>  return
    13                              <4> %%_ret:
    14 000002A3 C3                  <4>  ret
    15                              <4> %assign retOff %%_ret-$$
    36                              <3> %%a:
    37                              <3>  %endif
   220 000002A4 B800020000          <1>     mov eax, 0200h
   221 000002A9 CD21                <1>     int 21h
   222                              <1>     return
    13                              <2> %%_ret:
    14 000002AB C3                  <2>  ret
    15                              <2> %assign retOff %%_ret-$$
   223                              <1> 
   224                              <1> printStr:
   225                              <1> ;Input: rdx -> Dollar terminated string to print
   226 000002AC F6058E000000FF      <1>     test byte [lblGvn], -1
   227                              <1>     retnz
    45                              <2> cret nz
    19                              <3> %%_base:
    20                              <3> %assign baseVar %%_base-$$
    21                              <3>  %ifdef retOff
    22                              <3>  %if (baseVar - retOff <= 126) && (baseVar > retOff)
    23                              <3>  %ifdef currSegVBase
    24                              <3>  j%+1 short (retOff+currSegVBase)
    25                              <3>  %else
    26 000002B3 75(AB)              <3>  j%+1 short retOff
    27                              <3>  %endif
    28                              <3>  %else
    29                              <3>  j%-1 short %%a
    30                              <3>  return
    31                              <3> %%a:
    32                              <3>  %endif
    33                              <3>  %else
    34                              <3>  j%-1 short %%a
    35                              <3>  return
    36                              <3> %%a:
    37                              <3>  %endif
   228 000002B5 B800090000          <1>     mov eax, 0900h
   229 000002BA CD21                <1>     int 21h
   230                              <1>     return
    13                              <2> %%_ret:
    14 000002BC C3                  <2>  ret
    15                              <2> %assign retOff %%_ret-$$
   231                              <1> 
   232                              <1> printLabel:
   233 000002BD E8CFFFFFFF          <1>     call printCRLF   ;New line
   234 000002C2 488D157A000000      <1>     lea rdx, volStr     ;Print Volume in drive string
   235 000002C9 E8DEFFFFFF          <1>     call printStr
   236 000002CE 8A156E000000        <1>     mov dl, byte [drvNum]
   237 000002D4 80C240              <1>     add dl, "@" 
   238 000002D7 E8BEFFFFFF          <1>     call printChar
   239 000002DC 85ED                <1>     test ebp, ebp    ;If ebp=0, we have a label! If ebp=-1, no label
   240 000002DE 740D                <1>     jz .lblFnd
   241                              <1>     ;Here if no label found
   242 000002E0 488D1572000000      <1>     lea rdx, volNoS ;Print no label string
   243 000002E7 E8C0FFFFFF          <1>     call printStr
   244                              <1>     return
    13                              <2> %%_ret:
    14 000002EC C3                  <2>  ret
    15                              <2> %assign retOff %%_ret-$$
   245                              <1> .lblFnd:
   246 000002ED 488D1560000000      <1>     lea rdx, volOkS ;Print volume label
   247 000002F4 E8B3FFFFFF          <1>     call printStr
   248 000002F9 488D1556010000      <1>     lea rdx, searchDta + exFcb.filename ;Get the returned FCB data
   249 00000300 C6420B24            <1>     mov byte [rdx + 11],"$"             ;Terminate the string properly
   250 00000304 E8A3FFFFFF          <1>     call printStr
   251                              <1>     return
    13                              <2> %%_ret:
    14 00000309 C3                  <2>  ret
    15                              <2> %assign retOff %%_ret-$$
   252                              <1> 
   253                              <1> 
   254                              <1> skipDelims:
   255                              <1> ;Points rsi to the first non-delimiter char in a string, loads al with value
   256 0000030A AC                  <1>     lodsb
   257 0000030B E806000000          <1>     call isALDelim
   258 00000310 74F8                <1>     jz skipDelims
   259                              <1> ;Else, point rsi back to that char :)
   260 00000312 48FFCE              <1>     dec rsi
   261                              <1>     return
    13                              <2> %%_ret:
    14 00000315 C3                  <2>  ret
    15                              <2> %assign retOff %%_ret-$$
   262                              <1> 
   263                              <1> isALDelim:
   264 00000316 3C20                <1>     cmp al, SPC
   265                              <1>     rete
    49                              <2> cret e
    19                              <3> %%_base:
    20                              <3> %assign baseVar %%_base-$$
    21                              <3>  %ifdef retOff
    22                              <3>  %if (baseVar - retOff <= 126) && (baseVar > retOff)
    23                              <3>  %ifdef currSegVBase
    24                              <3>  j%+1 short (retOff+currSegVBase)
    25                              <3>  %else
    26 00000318 74(15)              <3>  j%+1 short retOff
    27                              <3>  %endif
    28                              <3>  %else
    29                              <3>  j%-1 short %%a
    30                              <3>  return
    31                              <3> %%a:
    32                              <3>  %endif
    33                              <3>  %else
    34                              <3>  j%-1 short %%a
    35                              <3>  return
    36                              <3> %%a:
    37                              <3>  %endif
   266 0000031A 3C09                <1>     cmp al, TAB
   267                              <1>     rete
    49                              <2> cret e
    19                              <3> %%_base:
    20                              <3> %assign baseVar %%_base-$$
    21                              <3>  %ifdef retOff
    22                              <3>  %if (baseVar - retOff <= 126) && (baseVar > retOff)
    23                              <3>  %ifdef currSegVBase
    24                              <3>  j%+1 short (retOff+currSegVBase)
    25                              <3>  %else
    26 0000031C 74(15)              <3>  j%+1 short retOff
    27                              <3>  %endif
    28                              <3>  %else
    29                              <3>  j%-1 short %%a
    30                              <3>  return
    31                              <3> %%a:
    32                              <3>  %endif
    33                              <3>  %else
    34                              <3>  j%-1 short %%a
    35                              <3>  return
    36                              <3> %%a:
    37                              <3>  %endif
   268 0000031E 3C3D                <1>     cmp al, "="
   269                              <1>     rete
    49                              <2> cret e
    19                              <3> %%_base:
    20                              <3> %assign baseVar %%_base-$$
    21                              <3>  %ifdef retOff
    22                              <3>  %if (baseVar - retOff <= 126) && (baseVar > retOff)
    23                              <3>  %ifdef currSegVBase
    24                              <3>  j%+1 short (retOff+currSegVBase)
    25                              <3>  %else
    26 00000320 74(15)              <3>  j%+1 short retOff
    27                              <3>  %endif
    28                              <3>  %else
    29                              <3>  j%-1 short %%a
    30                              <3>  return
    31                              <3> %%a:
    32                              <3>  %endif
    33                              <3>  %else
    34                              <3>  j%-1 short %%a
    35                              <3>  return
    36                              <3> %%a:
    37                              <3>  %endif
   270 00000322 3C2C                <1>     cmp al, ","
   271                              <1>     rete
    49                              <2> cret e
    19                              <3> %%_base:
    20                              <3> %assign baseVar %%_base-$$
    21                              <3>  %ifdef retOff
    22                              <3>  %if (baseVar - retOff <= 126) && (baseVar > retOff)
    23                              <3>  %ifdef currSegVBase
    24                              <3>  j%+1 short (retOff+currSegVBase)
    25                              <3>  %else
    26 00000324 74(15)              <3>  j%+1 short retOff
    27                              <3>  %endif
    28                              <3>  %else
    29                              <3>  j%-1 short %%a
    30                              <3>  return
    31                              <3> %%a:
    32                              <3>  %endif
    33                              <3>  %else
    34                              <3>  j%-1 short %%a
    35                              <3>  return
    36                              <3> %%a:
    37                              <3>  %endif
   272 00000326 3C3B                <1>     cmp al, ";"
   273                              <1>     return
    13                              <2> %%_ret:
    14 00000328 C3                  <2>  ret
    15                              <2> %assign retOff %%_ret-$$
   274                              <1> 
   275                              <1> getLabel:
   276 00000329 488D1549010000      <1>     lea rdx, volFcb
   277 00000330 8A050C000000        <1>     mov al, byte [drvNum]   ;Get the 1 based drive number
   278 00000336 884207              <1>     mov byte [rdx + exFcb.driveNum], al    ;Store in search FCB
   279 00000339 B800110000          <1>     mov eax, 1100h  ;Find First FCB
   280 0000033E CD21                <1>     int 21h
   281                              <1>     return
    13                              <2> %%_ret:
    14 00000340 C3                  <2>  ret
    15                              <2> %assign retOff %%_ret-$$
    20                                  %include "./dat/lbldat.asm"
     1                              <1> 
     2                              <1> ;Label data
     3                              <1> 
     4 00000341 00                  <1> lblGvn  db 0    ;If set, the label is in the inBuffer already
     5 00000342 00                  <1> drvNum  db 0    ;1 based drive number we are modifying label for
     6                              <1> 
     7                              <1> ;Strings
     8 00000343 566F6C756D6520696E- <1> volStr  db "Volume in drive $"
     8 0000034C 2064726976652024    <1>
     9 00000354 2069732024          <1> volOkS  db " is $"
    10 00000359 20686173206E6F206C- <1> volNoS  db " has no label$"
    10 00000362 6162656C24          <1>
    11 00000367 496E76616C69642063- <1> vBadStr db "Invalid characters in volume label",CR,LF
    11 00000370 686172616374657273- <1>
    11 00000379 20696E20766F6C756D- <1>
    11 00000382 65206C6162656C0D0A  <1>
    12 0000038B 566F6C756D65206C61- <1> vPrmptS db "Volume label (11 characters, ENTER for none)? $"
    12 00000394 62656C202831312063- <1>
    12 0000039D 686172616374657273- <1>
    12 000003A6 2C20454E5445522066- <1>
    12 000003AF 6F72206E6F6E65293F- <1>
    12 000003B8 2024                <1>
    13 000003BA 44656C657465206375- <1> delStr  db "Delete current volume label (Y/N)? $"
    13 000003C3 7272656E7420766F6C- <1>
    13 000003CC 756D65206C6162656C- <1>
    13 000003D5 2028592F4E293F2024  <1>
    14 000003DE 496E76616C69642064- <1> badDrv  db "Invalid drive specification",CR,LF,"$"
    14 000003E7 726976652073706563- <1>
    14 000003F0 696669636174696F6E- <1>
    14 000003F9 0D0A24              <1>
    15 000003FC 43616E6E6F74204C41- <1> jsaDrv  db "Cannot LABEL a JOINed, SUBSTed or ASSIGNed drive",CR,LF,"$"
    15 00000405 42454C2061204A4F49- <1>
    15 0000040E 4E65642C2053554253- <1>
    15 00000417 546564206F72204153- <1>
    15 00000420 5349474E6564206472- <1>
    15 00000429 6976650D0A24        <1>
    16 0000042F 43616E6E6F74204C41- <1> netDrv  db "Cannot LABEL a Network drive",CR,LF,"$"
    16 00000438 42454C2061204E6574- <1>
    16 00000441 776F726B2064726976- <1>
    16 0000044A 650D0A24            <1>
    17                              <1> ;Static Allocations
    18 0000044E 000000000000000000- <1> searchDta   db ffBlock_size dup (0)  ;This is where we get the label info
    18 00000457 000000000000000000- <1>
    18 00000460 000000000000000000- <1>
    18 00000469 000000000000000000- <1>
    18 00000472 00000000000000      <1>
    19                              <1> volFcb:
    20                              <1>     istruc exFcb
    21 00000479 FF                  <1>     at exFcb.extSig,    db -1   ;Indicate extended FCB
    22 0000047A 00<rep 5h>08        <1>     at exFcb.attribute, db volLabelFile
    23 00000480 00                  <1>     at exFcb.driveNum,  db 0    ;Current drive
    24 00000481 3F3F3F3F3F3F3F3F    <1>     at exFcb.filename,  db "????????"
    25 00000489 3F3F3F              <1>     at exFcb.fileext,   db "???"
    26 0000048C 00000000            <1>     at exFcb.curBlock,  dd 0
    27 00000490 00<rep 15h>         <1>     iend 
    28                              <1> 
    29 000004A5 4E4F204E414D452020- <1> defaultLbl  db "NO NAME    "
    29 000004AE 2020                <1>
    30                              <1> 
    31 000004B0 0C0020202020202020- <1> inBuffer    db 12, 0, 15 dup (SPC)  ;Add some padding
    31 000004B9 2020202020202020    <1>
    21                                  ;Use a 45 QWORD stack
    22                                  Segment transient align=8 follows=.text nobits
    23 00000000 <res 168h>                  dq 45 dup (?)
    24                                  endOfAlloc:
    24          ------------------       info: assembly required 1+2+2 passes

